Archive member included to satisfy reference by file (symbol)

c:/st/stm32cubeide_1.7.0/stm32cubeide/plugins/com.st.stm32cube.ide.mcu.externaltools.gnu-tools-for-stm32.9-2020-q2-update.win32_2.0.0.202105311346/tools/bin/../lib/gcc/arm-none-eabi/9.3.1/../../../../arm-none-eabi/lib/thumb/v7e-m+fp/hard\libc_nano.a(lib_a-errno.o)
                              ./Src/syscalls.o (__errno)
c:/st/stm32cubeide_1.7.0/stm32cubeide/plugins/com.st.stm32cube.ide.mcu.externaltools.gnu-tools-for-stm32.9-2020-q2-update.win32_2.0.0.202105311346/tools/bin/../lib/gcc/arm-none-eabi/9.3.1/../../../../arm-none-eabi/lib/thumb/v7e-m+fp/hard\libc_nano.a(lib_a-exit.o)
                              c:/st/stm32cubeide_1.7.0/stm32cubeide/plugins/com.st.stm32cube.ide.mcu.externaltools.gnu-tools-for-stm32.9-2020-q2-update.win32_2.0.0.202105311346/tools/bin/../lib/gcc/arm-none-eabi/9.3.1/../../../../arm-none-eabi/lib/thumb/v7e-m+fp/hard/crt0.o (exit)
c:/st/stm32cubeide_1.7.0/stm32cubeide/plugins/com.st.stm32cube.ide.mcu.externaltools.gnu-tools-for-stm32.9-2020-q2-update.win32_2.0.0.202105311346/tools/bin/../lib/gcc/arm-none-eabi/9.3.1/../../../../arm-none-eabi/lib/thumb/v7e-m+fp/hard\libc_nano.a(lib_a-impure.o)
                              c:/st/stm32cubeide_1.7.0/stm32cubeide/plugins/com.st.stm32cube.ide.mcu.externaltools.gnu-tools-for-stm32.9-2020-q2-update.win32_2.0.0.202105311346/tools/bin/../lib/gcc/arm-none-eabi/9.3.1/../../../../arm-none-eabi/lib/thumb/v7e-m+fp/hard\libc_nano.a(lib_a-exit.o) (_global_impure_ptr)
c:/st/stm32cubeide_1.7.0/stm32cubeide/plugins/com.st.stm32cube.ide.mcu.externaltools.gnu-tools-for-stm32.9-2020-q2-update.win32_2.0.0.202105311346/tools/bin/../lib/gcc/arm-none-eabi/9.3.1/../../../../arm-none-eabi/lib/thumb/v7e-m+fp/hard\libc_nano.a(lib_a-init.o)
                              c:/st/stm32cubeide_1.7.0/stm32cubeide/plugins/com.st.stm32cube.ide.mcu.externaltools.gnu-tools-for-stm32.9-2020-q2-update.win32_2.0.0.202105311346/tools/bin/../lib/gcc/arm-none-eabi/9.3.1/../../../../arm-none-eabi/lib/thumb/v7e-m+fp/hard/crt0.o (__libc_init_array)
c:/st/stm32cubeide_1.7.0/stm32cubeide/plugins/com.st.stm32cube.ide.mcu.externaltools.gnu-tools-for-stm32.9-2020-q2-update.win32_2.0.0.202105311346/tools/bin/../lib/gcc/arm-none-eabi/9.3.1/../../../../arm-none-eabi/lib/thumb/v7e-m+fp/hard\libc_nano.a(lib_a-memset.o)
                              c:/st/stm32cubeide_1.7.0/stm32cubeide/plugins/com.st.stm32cube.ide.mcu.externaltools.gnu-tools-for-stm32.9-2020-q2-update.win32_2.0.0.202105311346/tools/bin/../lib/gcc/arm-none-eabi/9.3.1/../../../../arm-none-eabi/lib/thumb/v7e-m+fp/hard/crt0.o (memset)

Allocating common symbols
Common symbol       size              file

regime              0x1               ./Src/main.o
Data                0x4               ./Src/main.o
channel             0x1               ./Src/main.o
counter             0x2               ./Src/main.o
Scale               0x1               ./Src/main.o
ADC_Data            0x4               ./Src/main.o

Discarded input sections

 .text          0x0000000000000000        0x0 c:/st/stm32cubeide_1.7.0/stm32cubeide/plugins/com.st.stm32cube.ide.mcu.externaltools.gnu-tools-for-stm32.9-2020-q2-update.win32_2.0.0.202105311346/tools/bin/../lib/gcc/arm-none-eabi/9.3.1/thumb/v7e-m+fp/hard/crti.o
 .data          0x0000000000000000        0x0 c:/st/stm32cubeide_1.7.0/stm32cubeide/plugins/com.st.stm32cube.ide.mcu.externaltools.gnu-tools-for-stm32.9-2020-q2-update.win32_2.0.0.202105311346/tools/bin/../lib/gcc/arm-none-eabi/9.3.1/thumb/v7e-m+fp/hard/crti.o
 .bss           0x0000000000000000        0x0 c:/st/stm32cubeide_1.7.0/stm32cubeide/plugins/com.st.stm32cube.ide.mcu.externaltools.gnu-tools-for-stm32.9-2020-q2-update.win32_2.0.0.202105311346/tools/bin/../lib/gcc/arm-none-eabi/9.3.1/thumb/v7e-m+fp/hard/crti.o
 .data          0x0000000000000000        0x4 c:/st/stm32cubeide_1.7.0/stm32cubeide/plugins/com.st.stm32cube.ide.mcu.externaltools.gnu-tools-for-stm32.9-2020-q2-update.win32_2.0.0.202105311346/tools/bin/../lib/gcc/arm-none-eabi/9.3.1/thumb/v7e-m+fp/hard/crtbegin.o
 .text          0x0000000000000000       0x7c c:/st/stm32cubeide_1.7.0/stm32cubeide/plugins/com.st.stm32cube.ide.mcu.externaltools.gnu-tools-for-stm32.9-2020-q2-update.win32_2.0.0.202105311346/tools/bin/../lib/gcc/arm-none-eabi/9.3.1/../../../../arm-none-eabi/lib/thumb/v7e-m+fp/hard/crt0.o
 .data          0x0000000000000000        0x0 c:/st/stm32cubeide_1.7.0/stm32cubeide/plugins/com.st.stm32cube.ide.mcu.externaltools.gnu-tools-for-stm32.9-2020-q2-update.win32_2.0.0.202105311346/tools/bin/../lib/gcc/arm-none-eabi/9.3.1/../../../../arm-none-eabi/lib/thumb/v7e-m+fp/hard/crt0.o
 .bss           0x0000000000000000        0x0 c:/st/stm32cubeide_1.7.0/stm32cubeide/plugins/com.st.stm32cube.ide.mcu.externaltools.gnu-tools-for-stm32.9-2020-q2-update.win32_2.0.0.202105311346/tools/bin/../lib/gcc/arm-none-eabi/9.3.1/../../../../arm-none-eabi/lib/thumb/v7e-m+fp/hard/crt0.o
[...]
Memory Configuration

Name             Origin             Length             Attributes
CCMRAM           0x0000000010000000 0x0000000000010000 xrw
RAM              0x0000000020000000 0x0000000000020000 xrw
FLASH            0x0000000008000000 0x0000000000100000 xr
*default*        0x0000000000000000 0xffffffffffffffff

Linker script and memory map

LOAD c:/st/stm32cubeide_1.7.0/stm32cubeide/plugins/com.st.stm32cube.ide.mcu.externaltools.gnu-tools-for-stm32.9-2020-q2-update.win32_2.0.0.202105311346/tools/bin/../lib/gcc/arm-none-eabi/9.3.1/thumb/v7e-m+fp/hard/crti.o
LOAD c:/st/stm32cubeide_1.7.0/stm32cubeide/plugins/com.st.stm32cube.ide.mcu.externaltools.gnu-tools-for-stm32.9-2020-q2-update.win32_2.0.0.202105311346/tools/bin/../lib/gcc/arm-none-eabi/9.3.1/thumb/v7e-m+fp/hard/crtbegin.o
LOAD c:/st/stm32cubeide_1.7.0/stm32cubeide/plugins/com.st.stm32cube.ide.mcu.externaltools.gnu-tools-for-stm32.9-2020-q2-update.win32_2.0.0.202105311346/tools/bin/../lib/gcc/arm-none-eabi/9.3.1/../../../../arm-none-eabi/lib/thumb/v7e-m+fp/hard/crt0.o
LOAD ./Drivers/STM32F4xx_HAL_Driver/Src/stm32f4xx_ll_adc.o
LOAD ./Drivers/STM32F4xx_HAL_Driver/Src/stm32f4xx_ll_dac.o
LOAD ./Drivers/STM32F4xx_HAL_Driver/Src/stm32f4xx_ll_dma.o
LOAD ./Drivers/STM32F4xx_HAL_Driver/Src/stm32f4xx_ll_exti.o
LOAD ./Drivers/STM32F4xx_HAL_Driver/Src/stm32f4xx_ll_gpio.o
LOAD ./Drivers/STM32F4xx_HAL_Driver/Src/stm32f4xx_ll_rcc.o
LOAD ./Drivers/STM32F4xx_HAL_Driver/Src/stm32f4xx_ll_tim.o
LOAD ./Drivers/STM32F4xx_HAL_Driver/Src/stm32f4xx_ll_utils.o
LOAD ./Src/main.o
LOAD ./Src/stm32f4xx_it.o
LOAD ./Src/syscalls.o
LOAD ./Src/sysmem.o
LOAD ./Src/system_stm32f4xx.o
LOAD ./Startup/startup_stm32f407vgtx.o
START GROUP
LOAD c:/st/stm32cubeide_1.7.0/stm32cubeide/plugins/com.st.stm32cube.ide.mcu.externaltools.gnu-tools-for-stm32.9-2020-q2-update.win32_2.0.0.202105311346/tools/bin/../lib/gcc/arm-none-eabi/9.3.1/../../../../arm-none-eabi/lib/thumb/v7e-m+fp/hard\libc_nano.a
LOAD c:/st/stm32cubeide_1.7.0/stm32cubeide/plugins/com.st.stm32cube.ide.mcu.externaltools.gnu-tools-for-stm32.9-2020-q2-update.win32_2.0.0.202105311346/tools/bin/../lib/gcc/arm-none-eabi/9.3.1/../../../../arm-none-eabi/lib/thumb/v7e-m+fp/hard\libm.a
END GROUP
START GROUP
LOAD c:/st/stm32cubeide_1.7.0/stm32cubeide/plugins/com.st.stm32cube.ide.mcu.externaltools.gnu-tools-for-stm32.9-2020-q2-update.win32_2.0.0.202105311346/tools/bin/../lib/gcc/arm-none-eabi/9.3.1/thumb/v7e-m+fp/hard\libgcc.a
LOAD c:/st/stm32cubeide_1.7.0/stm32cubeide/plugins/com.st.stm32cube.ide.mcu.externaltools.gnu-tools-for-stm32.9-2020-q2-update.win32_2.0.0.202105311346/tools/bin/../lib/gcc/arm-none-eabi/9.3.1/../../../../arm-none-eabi/lib/thumb/v7e-m+fp/hard\libc_nano.a
END GROUP
START GROUP
LOAD c:/st/stm32cubeide_1.7.0/stm32cubeide/plugins/com.st.stm32cube.ide.mcu.externaltools.gnu-tools-for-stm32.9-2020-q2-update.win32_2.0.0.202105311346/tools/bin/../lib/gcc/arm-none-eabi/9.3.1/thumb/v7e-m+fp/hard\libgcc.a
LOAD c:/st/stm32cubeide_1.7.0/stm32cubeide/plugins/com.st.stm32cube.ide.mcu.externaltools.gnu-tools-for-stm32.9-2020-q2-update.win32_2.0.0.202105311346/tools/bin/../lib/gcc/arm-none-eabi/9.3.1/../../../../arm-none-eabi/lib/thumb/v7e-m+fp/hard\libc_nano.a
LOAD c:/st/stm32cubeide_1.7.0/stm32cubeide/plugins/com.st.stm32cube.ide.mcu.externaltools.gnu-tools-for-stm32.9-2020-q2-update.win32_2.0.0.202105311346/tools/bin/../lib/gcc/arm-none-eabi/9.3.1/../../../../arm-none-eabi/lib/thumb/v7e-m+fp/hard\libnosys.a
END GROUP
START GROUP
LOAD c:/st/stm32cubeide_1.7.0/stm32cubeide/plugins/com.st.stm32cube.ide.mcu.externaltools.gnu-tools-for-stm32.9-2020-q2-update.win32_2.0.0.202105311346/tools/bin/../lib/gcc/arm-none-eabi/9.3.1/thumb/v7e-m+fp/hard\libgcc.a
LOAD c:/st/stm32cubeide_1.7.0/stm32cubeide/plugins/com.st.stm32cube.ide.mcu.externaltools.gnu-tools-for-stm32.9-2020-q2-update.win32_2.0.0.202105311346/tools/bin/../lib/gcc/arm-none-eabi/9.3.1/../../../../arm-none-eabi/lib/thumb/v7e-m+fp/hard\libc_nano.a
LOAD c:/st/stm32cubeide_1.7.0/stm32cubeide/plugins/com.st.stm32cube.ide.mcu.externaltools.gnu-tools-for-stm32.9-2020-q2-update.win32_2.0.0.202105311346/tools/bin/../lib/gcc/arm-none-eabi/9.3.1/../../../../arm-none-eabi/lib/thumb/v7e-m+fp/hard\libnosys.a
END GROUP
LOAD c:/st/stm32cubeide_1.7.0/stm32cubeide/plugins/com.st.stm32cube.ide.mcu.externaltools.gnu-tools-for-stm32.9-2020-q2-update.win32_2.0.0.202105311346/tools/bin/../lib/gcc/arm-none-eabi/9.3.1/thumb/v7e-m+fp/hard/crtend.o
LOAD c:/st/stm32cubeide_1.7.0/stm32cubeide/plugins/com.st.stm32cube.ide.mcu.externaltools.gnu-tools-for-stm32.9-2020-q2-update.win32_2.0.0.202105311346/tools/bin/../lib/gcc/arm-none-eabi/9.3.1/thumb/v7e-m+fp/hard/crtn.o
                0x0000000020020000                _estack = (ORIGIN (RAM) + LENGTH (RAM))
                0x0000000000000200                _Min_Heap_Size = 0x200
                0x0000000000000400                _Min_Stack_Size = 0x400

.isr_vector     0x0000000008000000      0x188
                0x0000000008000000                . = ALIGN (0x4)
 *(.isr_vector)
 .isr_vector    0x0000000008000000      0x188 ./Startup/startup_stm32f407vgtx.o
                0x0000000008000000                g_pfnVectors
                0x0000000008000188                . = ALIGN (0x4)

.text           0x0000000008000188     0x1ec8
                0x0000000008000188                . = ALIGN (0x4)
 *(.text)
 .text          0x0000000008000188       0x40 c:/st/stm32cubeide_1.7.0/stm32cubeide/plugins/com.st.stm32cube.ide.mcu.externaltools.gnu-tools-for-stm32.9-2020-q2-update.win32_2.0.0.202105311346/tools/bin/../lib/gcc/arm-none-eabi/9.3.1/thumb/v7e-m+fp/hard/crtbegin.o
 *(.text*)
 .text.LL_ADC_REG_SetSequencerLength
                0x00000000080001c8       0x26 ./Drivers/STM32F4xx_HAL_Driver/Src/stm32f4xx_ll_adc.o
 .text.LL_ADC_IsEnabled
                0x00000000080001ee       0x26 ./Drivers/STM32F4xx_HAL_Driver/Src/stm32f4xx_ll_adc.o
 .text.LL_ADC_CommonInit
                0x0000000008000214       0x90 ./Drivers/STM32F4xx_HAL_Driver/Src/stm32f4xx_ll_adc.o
                0x0000000008000214                LL_ADC_CommonInit
 .text.LL_ADC_Init
                0x00000000080002a4       0x58 ./Drivers/STM32F4xx_HAL_Driver/Src/stm32f4xx_ll_adc.o
                0x00000000080002a4                LL_ADC_Init
 .text.LL_ADC_REG_Init
                0x00000000080002fc       0x84 ./Drivers/STM32F4xx_HAL_Driver/Src/stm32f4xx_ll_adc.o
                0x00000000080002fc                LL_ADC_REG_Init
 .text.LL_DAC_IsEnabled
                0x0000000008000380       0x3e ./Drivers/STM32F4xx_HAL_Driver/Src/stm32f4xx_ll_dac.o
 .text.LL_DAC_Init
                0x00000000080003be       0xa2 ./Drivers/STM32F4xx_HAL_Driver/Src/stm32f4xx_ll_dac.o
                0x00000000080003be                LL_DAC_Init
 .text.LL_GPIO_SetPinMode
                0x0000000008000460       0x5e ./Drivers/STM32F4xx_HAL_Driver/Src/stm32f4xx_ll_gpio.o
 .text.LL_GPIO_SetPinOutputType
                0x00000000080004be       0x30 ./Drivers/STM32F4xx_HAL_Driver/Src/stm32f4xx_ll_gpio.o
 .text.LL_GPIO_SetPinSpeed
                0x00000000080004ee       0x5e ./Drivers/STM32F4xx_HAL_Driver/Src/stm32f4xx_ll_gpio.o
 .text.LL_GPIO_SetPinPull
                0x000000000800054c       0x5e ./Drivers/STM32F4xx_HAL_Driver/Src/stm32f4xx_ll_gpio.o
 .text.LL_GPIO_SetAFPin_0_7
                0x00000000080005aa       0x5e ./Drivers/STM32F4xx_HAL_Driver/Src/stm32f4xx_ll_gpio.o
 .text.LL_GPIO_SetAFPin_8_15
                0x0000000008000608       0x62 ./Drivers/STM32F4xx_HAL_Driver/Src/stm32f4xx_ll_gpio.o
 .text.LL_GPIO_Init
                0x000000000800066a       0xe6 ./Drivers/STM32F4xx_HAL_Driver/Src/stm32f4xx_ll_gpio.o
                0x000000000800066a                LL_GPIO_Init
 .text.LL_TIM_SetPrescaler
                0x0000000008000750       0x1c ./Drivers/STM32F4xx_HAL_Driver/Src/stm32f4xx_ll_tim.o
 .text.LL_TIM_SetAutoReload
                0x000000000800076c       0x1c ./Drivers/STM32F4xx_HAL_Driver/Src/stm32f4xx_ll_tim.o
 .text.LL_TIM_SetRepetitionCounter
                0x0000000008000788       0x1c ./Drivers/STM32F4xx_HAL_Driver/Src/stm32f4xx_ll_tim.o
 .text.LL_TIM_GenerateEvent_UPDATE
                0x00000000080007a4       0x20 ./Drivers/STM32F4xx_HAL_Driver/Src/stm32f4xx_ll_tim.o
 .text.LL_TIM_Init
                0x00000000080007c4      0x134 ./Drivers/STM32F4xx_HAL_Driver/Src/stm32f4xx_ll_tim.o
                0x00000000080007c4                LL_TIM_Init
 .text.LL_InitTick
                0x00000000080008f8       0x34 ./Drivers/STM32F4xx_HAL_Driver/Src/stm32f4xx_ll_utils.o
 .text.LL_Init1msTick
                0x000000000800092c       0x1a ./Drivers/STM32F4xx_HAL_Driver/Src/stm32f4xx_ll_utils.o
                0x000000000800092c                LL_Init1msTick
 *fill*         0x0000000008000946        0x2 
 .text.LL_mDelay
                0x0000000008000948       0x4c ./Drivers/STM32F4xx_HAL_Driver/Src/stm32f4xx_ll_utils.o
                0x0000000008000948                LL_mDelay
 .text.LL_SetSystemCoreClock
                0x0000000008000994       0x20 ./Drivers/STM32F4xx_HAL_Driver/Src/stm32f4xx_ll_utils.o
                0x0000000008000994                LL_SetSystemCoreClock
 .text.__NVIC_SetPriorityGrouping
                0x00000000080009b4       0x48 ./Src/main.o
 .text.__NVIC_GetPriorityGrouping
                0x00000000080009fc       0x1c ./Src/main.o
 .text.__NVIC_EnableIRQ
                0x0000000008000a18       0x3c ./Src/main.o
 .text.__NVIC_SetPriority
                0x0000000008000a54       0x54 ./Src/main.o
 .text.NVIC_EncodePriority
                0x0000000008000aa8       0x66 ./Src/main.o
 *fill*         0x0000000008000b0e        0x2 
 .text.LL_ADC_DMA_GetRegAddr
                0x0000000008000b10       0x34 ./Src/main.o
 .text.LL_ADC_REG_SetSequencerRanks
                0x0000000008000b44       0x6c ./Src/main.o
 .text.LL_ADC_REG_SetFlagEndOfConversion
                0x0000000008000bb0       0x26 ./Src/main.o
 .text.LL_ADC_SetChannelSamplingTime
                0x0000000008000bd6       0x98 ./Src/main.o
 .text.LL_ADC_Enable
                0x0000000008000c6e       0x20 ./Src/main.o
 .text.LL_ADC_REG_StartConversionSWStart
                0x0000000008000c8e       0x20 ./Src/main.o
 .text.LL_DAC_Enable
                0x0000000008000cae       0x2c ./Src/main.o
 .text.LL_DAC_ConvertData12RightAligned
                0x0000000008000cda       0x40 ./Src/main.o
 *fill*         0x0000000008000d1a        0x2 
 .text.LL_DMA_EnableStream
                0x0000000008000d1c       0x40 ./Src/main.o
 .text.LL_DMA_ConfigTransfer
                0x0000000008000d5c       0x4c ./Src/main.o
 .text.LL_DMA_SetDataTransferDirection
                0x0000000008000da8       0x48 ./Src/main.o
 .text.LL_DMA_SetMode
                0x0000000008000df0       0x48 ./Src/main.o
 .text.LL_DMA_SetPeriphIncMode
                0x0000000008000e38       0x48 ./Src/main.o
 .text.LL_DMA_SetMemoryIncMode
                0x0000000008000e80       0x48 ./Src/main.o
 .text.LL_DMA_SetPeriphSize
                0x0000000008000ec8       0x48 ./Src/main.o
 .text.LL_DMA_SetMemorySize
                0x0000000008000f10       0x48 ./Src/main.o
 .text.LL_DMA_SetStreamPriorityLevel
                0x0000000008000f58       0x48 ./Src/main.o
 .text.LL_DMA_SetDataLength
                0x0000000008000fa0       0x48 ./Src/main.o
 .text.LL_DMA_SetChannelSelection
                0x0000000008000fe8       0x48 ./Src/main.o
 .text.LL_DMA_DisableFifoMode
                0x0000000008001030       0x40 ./Src/main.o
 .text.LL_DMA_ConfigAddresses
                0x0000000008001070       0x78 ./Src/main.o
 .text.LL_DMA_EnableIT_TC
                0x00000000080010e8       0x40 ./Src/main.o
 .text.LL_RCC_HSE_Enable
                0x0000000008001128       0x20 ./Src/main.o
 .text.LL_RCC_HSE_IsReady
                0x0000000008001148       0x28 ./Src/main.o
 .text.LL_RCC_SetSysClkSource
                0x0000000008001170       0x28 ./Src/main.o
 .text.LL_RCC_GetSysClkSource
                0x0000000008001198       0x1c ./Src/main.o
 .text.LL_RCC_SetAHBPrescaler
                0x00000000080011b4       0x28 ./Src/main.o
 .text.LL_RCC_SetAPB1Prescaler
                0x00000000080011dc       0x28 ./Src/main.o
 .text.LL_RCC_SetAPB2Prescaler
                0x0000000008001204       0x28 ./Src/main.o
 .text.LL_RCC_PLL_Enable
                0x000000000800122c       0x20 ./Src/main.o
 .text.LL_RCC_PLL_IsReady
                0x000000000800124c       0x28 ./Src/main.o
 .text.LL_RCC_PLL_ConfigDomain_SYS
                0x0000000008001274       0x4c ./Src/main.o
 .text.LL_AHB1_GRP1_EnableClock
                0x00000000080012c0       0x30 ./Src/main.o
 .text.LL_APB1_GRP1_EnableClock
                0x00000000080012f0       0x30 ./Src/main.o
 .text.LL_APB2_GRP1_EnableClock
                0x0000000008001320       0x30 ./Src/main.o
 .text.LL_FLASH_SetLatency
                0x0000000008001350       0x28 ./Src/main.o
 .text.LL_FLASH_GetLatency
                0x0000000008001378       0x1c ./Src/main.o
 .text.LL_PWR_SetRegulVoltageScaling
                0x0000000008001394       0x28 ./Src/main.o
 .text.LL_TIM_EnableCounter
                0x00000000080013bc       0x20 ./Src/main.o
 .text.LL_TIM_DisableARRPreload
                0x00000000080013dc       0x20 ./Src/main.o
 .text.LL_TIM_SetTriggerOutput
                0x00000000080013fc       0x26 ./Src/main.o
 .text.LL_TIM_DisableMasterSlaveMode
                0x0000000008001422       0x20 ./Src/main.o
 .text.LL_TIM_EnableIT_UPDATE
                0x0000000008001442       0x20 ./Src/main.o
 .text.LL_GPIO_IsInputPinSet
                0x0000000008001462       0x2a ./Src/main.o
 .text.main     0x000000000800148c      0x104 ./Src/main.o
                0x000000000800148c                main
 .text.ADC_DMA_TransferComplete_Callback
                0x0000000008001590       0x44 ./Src/main.o
                0x0000000008001590                ADC_DMA_TransferComplete_Callback
 .text.CALIBRATION
                0x00000000080015d4       0x7c ./Src/main.o
                0x00000000080015d4                CALIBRATION
 .text.Timer_Interrupt
                0x0000000008001650       0x2c ./Src/main.o
                0x0000000008001650                Timer_Interrupt
 .text.PHASOMETER
                0x000000000800167c      0x398 ./Src/main.o
                0x000000000800167c                PHASOMETER
 .text.SystemClock_Config
                0x0000000008001a14       0x88 ./Src/main.o
                0x0000000008001a14                SystemClock_Config
 .text.MX_ADC1_Init
                0x0000000008001a9c      0x15c ./Src/main.o
 .text.MX_ADC2_Init
                0x0000000008001bf8       0xbc ./Src/main.o
 .text.MX_DAC_Init
                0x0000000008001cb4       0x98 ./Src/main.o
 .text.MX_TIM6_Init
                0x0000000008001d4c       0x74 ./Src/main.o
 .text.MX_DMA_Init
                0x0000000008001dc0       0x30 ./Src/main.o
 .text.MX_GPIO_Init
                0x0000000008001df0       0x68 ./Src/main.o
 .text.LL_DMA_IsActiveFlag_TC0
                0x0000000008001e58       0x26 ./Src/stm32f4xx_it.o
 .text.LL_DMA_ClearFlag_TC0
                0x0000000008001e7e       0x1a ./Src/stm32f4xx_it.o
 .text.LL_TIM_ClearFlag_UPDATE
                0x0000000008001e98       0x1c ./Src/stm32f4xx_it.o
 .text.LL_TIM_IsActiveFlag_UPDATE
                0x0000000008001eb4       0x26 ./Src/stm32f4xx_it.o
 .text.NMI_Handler
                0x0000000008001eda        0x6 ./Src/stm32f4xx_it.o
                0x0000000008001eda                NMI_Handler
 .text.HardFault_Handler
                0x0000000008001ee0        0x6 ./Src/stm32f4xx_it.o
                0x0000000008001ee0                HardFault_Handler
 .text.MemManage_Handler
                0x0000000008001ee6        0x6 ./Src/stm32f4xx_it.o
                0x0000000008001ee6                MemManage_Handler
 .text.BusFault_Handler
                0x0000000008001eec        0x6 ./Src/stm32f4xx_it.o
                0x0000000008001eec                BusFault_Handler
 .text.UsageFault_Handler
                0x0000000008001ef2        0x6 ./Src/stm32f4xx_it.o
                0x0000000008001ef2                UsageFault_Handler
 .text.SVC_Handler
                0x0000000008001ef8        0xe ./Src/stm32f4xx_it.o
                0x0000000008001ef8                SVC_Handler
 .text.DebugMon_Handler
                0x0000000008001f06        0xe ./Src/stm32f4xx_it.o
                0x0000000008001f06                DebugMon_Handler
 .text.PendSV_Handler
                0x0000000008001f14        0xe ./Src/stm32f4xx_it.o
                0x0000000008001f14                PendSV_Handler
 .text.SysTick_Handler
                0x0000000008001f22        0xe ./Src/stm32f4xx_it.o
                0x0000000008001f22                SysTick_Handler
 .text.TIM6_DAC_IRQHandler
                0x0000000008001f30       0x24 ./Src/stm32f4xx_it.o
                0x0000000008001f30                TIM6_DAC_IRQHandler
 .text.DMA2_Stream0_IRQHandler
                0x0000000008001f54       0x24 ./Src/stm32f4xx_it.o
                0x0000000008001f54                DMA2_Stream0_IRQHandler
 .text.SystemInit
                0x0000000008001f78       0x24 ./Src/system_stm32f4xx.o
                0x0000000008001f78                SystemInit
 .text.Reset_Handler
                0x0000000008001f9c       0x50 ./Startup/startup_stm32f407vgtx.o
                0x0000000008001f9c                Reset_Handler
 .text.Default_Handler
                0x0000000008001fec        0x2 ./Startup/startup_stm32f407vgtx.o
                0x0000000008001fec                RTC_Alarm_IRQHandler
                0x0000000008001fec                HASH_RNG_IRQHandler
                0x0000000008001fec                EXTI2_IRQHandler
                0x0000000008001fec                TIM8_CC_IRQHandler
                0x0000000008001fec                TIM1_CC_IRQHandler
                0x0000000008001fec                DMA2_Stream5_IRQHandler
                0x0000000008001fec                DMA1_Stream5_IRQHandler
                0x0000000008001fec                PVD_IRQHandler
                0x0000000008001fec                SDIO_IRQHandler
                0x0000000008001fec                TAMP_STAMP_IRQHandler
                0x0000000008001fec                CAN2_RX1_IRQHandler
                0x0000000008001fec                EXTI3_IRQHandler
                0x0000000008001fec                TIM8_TRG_COM_TIM14_IRQHandler
                0x0000000008001fec                TIM1_UP_TIM10_IRQHandler
                0x0000000008001fec                TIM8_UP_TIM13_IRQHandler
                0x0000000008001fec                I2C3_ER_IRQHandler
                0x0000000008001fec                EXTI0_IRQHandler
                0x0000000008001fec                I2C2_EV_IRQHandler
                0x0000000008001fec                DMA1_Stream2_IRQHandler
                0x0000000008001fec                CAN1_RX0_IRQHandler
                0x0000000008001fec                FPU_IRQHandler
                0x0000000008001fec                OTG_HS_WKUP_IRQHandler
                0x0000000008001fec                CAN2_SCE_IRQHandler
                0x0000000008001fec                DMA2_Stream2_IRQHandler
                0x0000000008001fec                SPI1_IRQHandler
                0x0000000008001fec                TIM1_BRK_TIM9_IRQHandler
                0x0000000008001fec                DCMI_IRQHandler
                0x0000000008001fec                CAN2_RX0_IRQHandler
                0x0000000008001fec                DMA2_Stream3_IRQHandler
                0x0000000008001fec                USART6_IRQHandler
                0x0000000008001fec                USART3_IRQHandler
                0x0000000008001fec                CAN1_RX1_IRQHandler
                0x0000000008001fec                UART5_IRQHandler
                0x0000000008001fec                TIM4_IRQHandler
                0x0000000008001fec                I2C1_EV_IRQHandler
                0x0000000008001fec                DMA1_Stream6_IRQHandler
                0x0000000008001fec                DMA1_Stream1_IRQHandler
                0x0000000008001fec                UART4_IRQHandler
                0x0000000008001fec                TIM3_IRQHandler
                0x0000000008001fec                RCC_IRQHandler
                0x0000000008001fec                TIM8_BRK_TIM12_IRQHandler
                0x0000000008001fec                Default_Handler
                0x0000000008001fec                EXTI15_10_IRQHandler
                0x0000000008001fec                ADC_IRQHandler
                0x0000000008001fec                DMA1_Stream7_IRQHandler
                0x0000000008001fec                TIM7_IRQHandler
                0x0000000008001fec                CAN2_TX_IRQHandler
                0x0000000008001fec                TIM5_IRQHandler
                0x0000000008001fec                DMA2_Stream7_IRQHandler
                0x0000000008001fec                I2C3_EV_IRQHandler
                0x0000000008001fec                EXTI9_5_IRQHandler
                0x0000000008001fec                RTC_WKUP_IRQHandler
                0x0000000008001fec                ETH_WKUP_IRQHandler
                0x0000000008001fec                SPI2_IRQHandler
                0x0000000008001fec                OTG_HS_EP1_IN_IRQHandler
                0x0000000008001fec                DMA1_Stream0_IRQHandler
                0x0000000008001fec                CAN1_TX_IRQHandler
                0x0000000008001fec                EXTI4_IRQHandler
                0x0000000008001fec                FSMC_IRQHandler
                0x0000000008001fec                ETH_IRQHandler
                0x0000000008001fec                OTG_HS_EP1_OUT_IRQHandler
                0x0000000008001fec                WWDG_IRQHandler
                0x0000000008001fec                TIM2_IRQHandler
                0x0000000008001fec                OTG_FS_WKUP_IRQHandler
                0x0000000008001fec                TIM1_TRG_COM_TIM11_IRQHandler
                0x0000000008001fec                OTG_HS_IRQHandler
                0x0000000008001fec                EXTI1_IRQHandler
                0x0000000008001fec                USART2_IRQHandler
                0x0000000008001fec                I2C2_ER_IRQHandler
                0x0000000008001fec                DMA2_Stream1_IRQHandler
                0x0000000008001fec                CAN1_SCE_IRQHandler
                0x0000000008001fec                FLASH_IRQHandler
                0x0000000008001fec                DMA2_Stream4_IRQHandler
                0x0000000008001fec                USART1_IRQHandler
                0x0000000008001fec                OTG_FS_IRQHandler
                0x0000000008001fec                SPI3_IRQHandler
                0x0000000008001fec                DMA1_Stream4_IRQHandler
                0x0000000008001fec                I2C1_ER_IRQHandler
                0x0000000008001fec                DMA2_Stream6_IRQHandler
                0x0000000008001fec                DMA1_Stream3_IRQHandler
 *fill*         0x0000000008001fee        0x2 
 .text.__libc_init_array
                0x0000000008001ff0       0x48 c:/st/stm32cubeide_1.7.0/stm32cubeide/plugins/com.st.stm32cube.ide.mcu.externaltools.gnu-tools-for-stm32.9-2020-q2-update.win32_2.0.0.202105311346/tools/bin/../lib/gcc/arm-none-eabi/9.3.1/../../../../arm-none-eabi/lib/thumb/v7e-m+fp/hard\libc_nano.a(lib_a-init.o)
                0x0000000008001ff0                __libc_init_array
 *(.glue_7)
 .glue_7        0x0000000008002038        0x0 linker stubs
 *(.glue_7t)
 .glue_7t       0x0000000008002038        0x0 linker stubs
 *(.eh_frame)
 .eh_frame      0x0000000008002038        0x0 c:/st/stm32cubeide_1.7.0/stm32cubeide/plugins/com.st.stm32cube.ide.mcu.externaltools.gnu-tools-for-stm32.9-2020-q2-update.win32_2.0.0.202105311346/tools/bin/../lib/gcc/arm-none-eabi/9.3.1/thumb/v7e-m+fp/hard/crtbegin.o
 *(.init)
 .init          0x0000000008002038        0x4 c:/st/stm32cubeide_1.7.0/stm32cubeide/plugins/com.st.stm32cube.ide.mcu.externaltools.gnu-tools-for-stm32.9-2020-q2-update.win32_2.0.0.202105311346/tools/bin/../lib/gcc/arm-none-eabi/9.3.1/thumb/v7e-m+fp/hard/crti.o
                0x0000000008002038                _init
 .init          0x000000000800203c        0x8 c:/st/stm32cubeide_1.7.0/stm32cubeide/plugins/com.st.stm32cube.ide.mcu.externaltools.gnu-tools-for-stm32.9-2020-q2-update.win32_2.0.0.202105311346/tools/bin/../lib/gcc/arm-none-eabi/9.3.1/thumb/v7e-m+fp/hard/crtn.o
 *(.fini)
 .fini          0x0000000008002044        0x4 c:/st/stm32cubeide_1.7.0/stm32cubeide/plugins/com.st.stm32cube.ide.mcu.externaltools.gnu-tools-for-stm32.9-2020-q2-update.win32_2.0.0.202105311346/tools/bin/../lib/gcc/arm-none-eabi/9.3.1/thumb/v7e-m+fp/hard/crti.o
                0x0000000008002044                _fini
 .fini          0x0000000008002048        0x8 c:/st/stm32cubeide_1.7.0/stm32cubeide/plugins/com.st.stm32cube.ide.mcu.externaltools.gnu-tools-for-stm32.9-2020-q2-update.win32_2.0.0.202105311346/tools/bin/../lib/gcc/arm-none-eabi/9.3.1/thumb/v7e-m+fp/hard/crtn.o
                0x0000000008002050                . = ALIGN (0x4)
                0x0000000008002050                _etext = .

.vfp11_veneer   0x0000000008002050        0x0
 .vfp11_veneer  0x0000000008002050        0x0 linker stubs

.v4_bx          0x0000000008002050        0x0
 .v4_bx         0x0000000008002050        0x0 linker stubs

.iplt           0x0000000008002050        0x0
 .iplt          0x0000000008002050        0x0 c:/st/stm32cubeide_1.7.0/stm32cubeide/plugins/com.st.stm32cube.ide.mcu.externaltools.gnu-tools-for-stm32.9-2020-q2-update.win32_2.0.0.202105311346/tools/bin/../lib/gcc/arm-none-eabi/9.3.1/thumb/v7e-m+fp/hard/crtbegin.o

.rodata         0x0000000008002050       0x44
                0x0000000008002050                . = ALIGN (0x4)
 *(.rodata)
 .rodata        0x0000000008002050       0x3c ./Src/main.o
 *(.rodata*)
 .rodata.STREAM_OFFSET_TAB
                0x000000000800208c        0x8 ./Src/main.o
                0x0000000008002094                . = ALIGN (0x4)

.rel.dyn        0x0000000008002094        0x0
 .rel.iplt      0x0000000008002094        0x0 c:/st/stm32cubeide_1.7.0/stm32cubeide/plugins/com.st.stm32cube.ide.mcu.externaltools.gnu-tools-for-stm32.9-2020-q2-update.win32_2.0.0.202105311346/tools/bin/../lib/gcc/arm-none-eabi/9.3.1/thumb/v7e-m+fp/hard/crtbegin.o

.ARM.extab      0x0000000008002094        0x0
                0x0000000008002094                . = ALIGN (0x4)
 *(.ARM.extab* .gnu.linkonce.armextab.*)
                0x0000000008002094                . = ALIGN (0x4)

.ARM            0x0000000008002094        0x0
                0x0000000008002094                . = ALIGN (0x4)
                0x0000000008002094                __exidx_start = .
 *(.ARM.exidx*)
                0x0000000008002094                __exidx_end = .
                0x0000000008002094                . = ALIGN (0x4)

.preinit_array  0x0000000008002094        0x0
                0x0000000008002094                . = ALIGN (0x4)
                0x0000000008002094                PROVIDE (__preinit_array_start = .)
 *(.preinit_array*)
                0x0000000008002094                PROVIDE (__preinit_array_end = .)
                0x0000000008002094                . = ALIGN (0x4)

.init_array     0x0000000008002094        0x4
                0x0000000008002094                . = ALIGN (0x4)
                0x0000000008002094                PROVIDE (__init_array_start = .)
 *(SORT_BY_NAME(.init_array.*))
 *(.init_array*)
 .init_array    0x0000000008002094        0x4 c:/st/stm32cubeide_1.7.0/stm32cubeide/plugins/com.st.stm32cube.ide.mcu.externaltools.gnu-tools-for-stm32.9-2020-q2-update.win32_2.0.0.202105311346/tools/bin/../lib/gcc/arm-none-eabi/9.3.1/thumb/v7e-m+fp/hard/crtbegin.o
                0x0000000008002098                PROVIDE (__init_array_end = .)
                0x0000000008002098                . = ALIGN (0x4)

.fini_array     0x0000000008002098        0x4
                0x0000000008002098                . = ALIGN (0x4)
                [!provide]                        PROVIDE (__fini_array_start = .)
 *(SORT_BY_NAME(.fini_array.*))
 *(.fini_array*)
 .fini_array    0x0000000008002098        0x4 c:/st/stm32cubeide_1.7.0/stm32cubeide/plugins/com.st.stm32cube.ide.mcu.externaltools.gnu-tools-for-stm32.9-2020-q2-update.win32_2.0.0.202105311346/tools/bin/../lib/gcc/arm-none-eabi/9.3.1/thumb/v7e-m+fp/hard/crtbegin.o
                [!provide]                        PROVIDE (__fini_array_end = .)
                0x000000000800209c                . = ALIGN (0x4)
                0x000000000800209c                _sidata = LOADADDR (.data)

.data           0x0000000020000000        0x4 load address 0x000000000800209c
                0x0000000020000000                . = ALIGN (0x4)
                0x0000000020000000                _sdata = .
 *(.data)
 *(.data*)
 .data.SystemCoreClock
                0x0000000020000000        0x4 ./Src/system_stm32f4xx.o
                0x0000000020000000                SystemCoreClock
 *(.RamFunc)
 *(.RamFunc*)
                0x0000000020000004                . = ALIGN (0x4)
                0x0000000020000004                _edata = .
                0x00000000080020a0                _siccmram = LOADADDR (.ccmram)

.igot.plt       0x0000000020000004        0x0 load address 0x00000000080020a0
 .igot.plt      0x0000000020000004        0x0 c:/st/stm32cubeide_1.7.0/stm32cubeide/plugins/com.st.stm32cube.ide.mcu.externaltools.gnu-tools-for-stm32.9-2020-q2-update.win32_2.0.0.202105311346/tools/bin/../lib/gcc/arm-none-eabi/9.3.1/thumb/v7e-m+fp/hard/crtbegin.o

.ccmram         0x0000000010000000        0x0 load address 0x00000000080020a0
                0x0000000010000000                . = ALIGN (0x4)
                0x0000000010000000                _sccmram = .
 *(.ccmram)
 *(.ccmram*)
                0x0000000010000000                . = ALIGN (0x4)
                0x0000000010000000                _eccmram = .
                0x0000000010000000                . = ALIGN (0x4)

.bss            0x0000000020000004       0x34
                0x0000000020000004                _sbss = .
                0x0000000020000004                __bss_start__ = _sbss
 *(.bss)
 .bss           0x0000000020000004       0x1c c:/st/stm32cubeide_1.7.0/stm32cubeide/plugins/com.st.stm32cube.ide.mcu.externaltools.gnu-tools-for-stm32.9-2020-q2-update.win32_2.0.0.202105311346/tools/bin/../lib/gcc/arm-none-eabi/9.3.1/thumb/v7e-m+fp/hard/crtbegin.o
 *(.bss*)
 .bss.fl_adc    0x0000000020000020        0x1 ./Src/main.o
                0x0000000020000020                fl_adc
 .bss.TIM_flag  0x0000000020000021        0x1 ./Src/main.o
                0x0000000020000021                TIM_flag
 *(COMMON)
 *fill*         0x0000000020000022        0x2 
 COMMON         0x0000000020000024       0x14 ./Src/main.o
                0x0000000020000024                regime
                0x0000000020000028                Data
                0x000000002000002c                channel
                0x000000002000002e                counter
                0x0000000020000030                Scale
                0x0000000020000034                ADC_Data
                0x0000000020000038                . = ALIGN (0x4)
                0x0000000020000038                _ebss = .
                0x0000000020000038                __bss_end__ = _ebss

._user_heap_stack
                0x0000000020000038      0x600
                0x0000000020000038                . = ALIGN (0x8)
                [!provide]                        PROVIDE (end = .)
                0x0000000020000038                PROVIDE (_end = .)
                0x0000000020000238                . = (. + _Min_Heap_Size)
 *fill*         0x0000000020000038      0x200 
                0x0000000020000638                . = (. + _Min_Stack_Size)
 *fill*         0x0000000020000238      0x400 
                0x0000000020000638                . = ALIGN (0x8)

/DISCARD/
 libc.a(*)
 libm.a(*)
 libgcc.a(*)

.ARM.attributes
                0x0000000000000000       0x30
 *(.ARM.attributes)
 .ARM.attributes
                0x0000000000000000       0x1e c:/st/stm32cubeide_1.7.0/stm32cubeide/plugins/com.st.stm32cube.ide.mcu.externaltools.gnu-tools-for-stm32.9-2020-q2-update.win32_2.0.0.202105311346/tools/bin/../lib/gcc/arm-none-eabi/9.3.1/thumb/v7e-m+fp/hard/crti.o
 .ARM.attributes
                0x000000000000001e       0x34 c:/st/stm32cubeide_1.7.0/stm32cubeide/plugins/com.st.stm32cube.ide.mcu.externaltools.gnu-tools-for-stm32.9-2020-q2-update.win32_2.0.0.202105311346/tools/bin/../lib/gcc/arm-none-eabi/9.3.1/thumb/v7e-m+fp/hard/crtbegin.o
 .ARM.attributes
                0x0000000000000052       0x34 ./Drivers/STM32F4xx_HAL_Driver/Src/stm32f4xx_ll_adc.o
 .ARM.attributes
                0x0000000000000086       0x34 ./Drivers/STM32F4xx_HAL_Driver/Src/stm32f4xx_ll_dac.o
 .ARM.attributes
                0x00000000000000ba       0x34 ./Drivers/STM32F4xx_HAL_Driver/Src/stm32f4xx_ll_gpio.o
 .ARM.attributes
                0x00000000000000ee       0x34 ./Drivers/STM32F4xx_HAL_Driver/Src/stm32f4xx_ll_tim.o
 .ARM.attributes
                0x0000000000000122       0x34 ./Drivers/STM32F4xx_HAL_Driver/Src/stm32f4xx_ll_utils.o
 .ARM.attributes
                0x0000000000000156       0x34 ./Src/main.o
 .ARM.attributes
                0x000000000000018a       0x34 ./Src/stm32f4xx_it.o
 .ARM.attributes
                0x00000000000001be       0x34 ./Src/system_stm32f4xx.o
 .ARM.attributes
                0x00000000000001f2       0x21 ./Startup/startup_stm32f407vgtx.o
 .ARM.attributes
                0x0000000000000213       0x34 c:/st/stm32cubeide_1.7.0/stm32cubeide/plugins/com.st.stm32cube.ide.mcu.externaltools.gnu-tools-for-stm32.9-2020-q2-update.win32_2.0.0.202105311346/tools/bin/../lib/gcc/arm-none-eabi/9.3.1/../../../../arm-none-eabi/lib/thumb/v7e-m+fp/hard\libc_nano.a(lib_a-init.o)
 .ARM.attributes
                0x0000000000000247       0x1e c:/st/stm32cubeide_1.7.0/stm32cubeide/plugins/com.st.stm32cube.ide.mcu.externaltools.gnu-tools-for-stm32.9-2020-q2-update.win32_2.0.0.202105311346/tools/bin/../lib/gcc/arm-none-eabi/9.3.1/thumb/v7e-m+fp/hard/crtn.o
OUTPUT(PHASEMETER_4.elf elf32-littlearm)
LOAD linker stubs
LOAD c:/st/stm32cubeide_1.7.0/stm32cubeide/plugins/com.st.stm32cube.ide.mcu.externaltools.gnu-tools-for-stm32.9-2020-q2-update.win32_2.0.0.202105311346/tools/bin/../lib/gcc/arm-none-eabi/9.3.1/../../../../arm-none-eabi/lib/thumb/v7e-m+fp/hard\libc.a
LOAD c:/st/stm32cubeide_1.7.0/stm32cubeide/plugins/com.st.stm32cube.ide.mcu.externaltools.gnu-tools-for-stm32.9-2020-q2-update.win32_2.0.0.202105311346/tools/bin/../lib/gcc/arm-none-eabi/9.3.1/../../../../arm-none-eabi/lib/thumb/v7e-m+fp/hard\libm.a
LOAD c:/st/stm32cubeide_1.7.0/stm32cubeide/plugins/com.st.stm32cube.ide.mcu.externaltools.gnu-tools-for-stm32.9-2020-q2-update.win32_2.0.0.202105311346/tools/bin/../lib/gcc/arm-none-eabi/9.3.1/thumb/v7e-m+fp/hard\libgcc.a

.debug_info     0x0000000000000000     0x5a84
 .debug_info    0x0000000000000000      0x985 ./Drivers/STM32F4xx_HAL_Driver/Src/stm32f4xx_ll_adc.o
 .debug_info    0x0000000000000985      0x573 ./Drivers/STM32F4xx_HAL_Driver/Src/stm32f4xx_ll_dac.o
 .debug_info    0x0000000000000ef8      0x8be ./Drivers/STM32F4xx_HAL_Driver/Src/stm32f4xx_ll_gpio.o
 .debug_info    0x00000000000017b6     0x1000 ./Drivers/STM32F4xx_HAL_Driver/Src/stm32f4xx_ll_tim.o
 .debug_info    0x00000000000027b6      0x98e ./Drivers/STM32F4xx_HAL_Driver/Src/stm32f4xx_ll_utils.o
 .debug_info    0x0000000000003144     0x1f33 ./Src/main.o
 .debug_info    0x0000000000005077      0x4a5 ./Src/stm32f4xx_it.o
 .debug_info    0x000000000000551c      0x546 ./Src/system_stm32f4xx.o
 .debug_info    0x0000000000005a62       0x22 ./Startup/startup_stm32f407vgtx.o

.debug_abbrev   0x0000000000000000     0x1007
 .debug_abbrev  0x0000000000000000      0x1c2 ./Drivers/STM32F4xx_HAL_Driver/Src/stm32f4xx_ll_adc.o
 .debug_abbrev  0x00000000000001c2      0x1a8 ./Drivers/STM32F4xx_HAL_Driver/Src/stm32f4xx_ll_dac.o
 .debug_abbrev  0x000000000000036a      0x23b ./Drivers/STM32F4xx_HAL_Driver/Src/stm32f4xx_ll_gpio.o
 .debug_abbrev  0x00000000000005a5      0x22b ./Drivers/STM32F4xx_HAL_Driver/Src/stm32f4xx_ll_tim.o
 .debug_abbrev  0x00000000000007d0      0x22c ./Drivers/STM32F4xx_HAL_Driver/Src/stm32f4xx_ll_utils.o
 .debug_abbrev  0x00000000000009fc      0x35f ./Src/main.o
 .debug_abbrev  0x0000000000000d5b      0x171 ./Src/stm32f4xx_it.o
 .debug_abbrev  0x0000000000000ecc      0x129 ./Src/system_stm32f4xx.o
 .debug_abbrev  0x0000000000000ff5       0x12 ./Startup/startup_stm32f407vgtx.o

.debug_aranges  0x0000000000000000      0x668
 .debug_aranges
                0x0000000000000000       0xa8 ./Drivers/STM32F4xx_HAL_Driver/Src/stm32f4xx_ll_adc.o
 .debug_aranges
                0x00000000000000a8       0x48 ./Drivers/STM32F4xx_HAL_Driver/Src/stm32f4xx_ll_dac.o
 .debug_aranges
                0x00000000000000f0       0x70 ./Drivers/STM32F4xx_HAL_Driver/Src/stm32f4xx_ll_gpio.o
 .debug_aranges
                0x0000000000000160      0x128 ./Drivers/STM32F4xx_HAL_Driver/Src/stm32f4xx_ll_tim.o
 .debug_aranges
                0x0000000000000288       0xf8 ./Drivers/STM32F4xx_HAL_Driver/Src/stm32f4xx_ll_utils.o
 .debug_aranges
                0x0000000000000380      0x208 ./Src/main.o
 .debug_aranges
                0x0000000000000588       0x90 ./Src/stm32f4xx_it.o
 .debug_aranges
                0x0000000000000618       0x28 ./Src/system_stm32f4xx.o
 .debug_aranges
                0x0000000000000640       0x28 ./Startup/startup_stm32f407vgtx.o

.debug_ranges   0x0000000000000000      0x5e0
 .debug_ranges  0x0000000000000000       0x98 ./Drivers/STM32F4xx_HAL_Driver/Src/stm32f4xx_ll_adc.o
 .debug_ranges  0x0000000000000098       0x38 ./Drivers/STM32F4xx_HAL_Driver/Src/stm32f4xx_ll_dac.o
 .debug_ranges  0x00000000000000d0       0x60 ./Drivers/STM32F4xx_HAL_Driver/Src/stm32f4xx_ll_gpio.o
 .debug_ranges  0x0000000000000130      0x118 ./Drivers/STM32F4xx_HAL_Driver/Src/stm32f4xx_ll_tim.o
 .debug_ranges  0x0000000000000248       0xe8 ./Drivers/STM32F4xx_HAL_Driver/Src/stm32f4xx_ll_utils.o
 .debug_ranges  0x0000000000000330      0x1f8 ./Src/main.o
 .debug_ranges  0x0000000000000528       0x80 ./Src/stm32f4xx_it.o
 .debug_ranges  0x00000000000005a8       0x18 ./Src/system_stm32f4xx.o
 .debug_ranges  0x00000000000005c0       0x20 ./Startup/startup_stm32f407vgtx.o

.debug_macro    0x0000000000000000    0x1ba7e
 .debug_macro   0x0000000000000000      0x16e ./Drivers/STM32F4xx_HAL_Driver/Src/stm32f4xx_ll_adc.o
 .debug_macro   0x000000000000016e      0xaea ./Drivers/STM32F4xx_HAL_Driver/Src/stm32f4xx_ll_adc.o
 .debug_macro   0x0000000000000c58       0x2e ./Drivers/STM32F4xx_HAL_Driver/Src/stm32f4xx_ll_adc.o
 .debug_macro   0x0000000000000c86       0x2f ./Drivers/STM32F4xx_HAL_Driver/Src/stm32f4xx_ll_adc.o
 .debug_macro   0x0000000000000cb5       0x22 ./Drivers/STM32F4xx_HAL_Driver/Src/stm32f4xx_ll_adc.o
 .debug_macro   0x0000000000000cd7       0x8e ./Drivers/STM32F4xx_HAL_Driver/Src/stm32f4xx_ll_adc.o
 .debug_macro   0x0000000000000d65       0x51 ./Drivers/STM32F4xx_HAL_Driver/Src/stm32f4xx_ll_adc.o
 .debug_macro   0x0000000000000db6      0x103 ./Drivers/STM32F4xx_HAL_Driver/Src/stm32f4xx_ll_adc.o
 .debug_macro   0x0000000000000eb9       0x6a ./Drivers/STM32F4xx_HAL_Driver/Src/stm32f4xx_ll_adc.o
 .debug_macro   0x0000000000000f23      0x1df ./Drivers/STM32F4xx_HAL_Driver/Src/stm32f4xx_ll_adc.o
 .debug_macro   0x0000000000001102       0x1c ./Drivers/STM32F4xx_HAL_Driver/Src/stm32f4xx_ll_adc.o
 .debug_macro   0x000000000000111e       0x22 ./Drivers/STM32F4xx_HAL_Driver/Src/stm32f4xx_ll_adc.o
 .debug_macro   0x0000000000001140       0xdf ./Drivers/STM32F4xx_HAL_Driver/Src/stm32f4xx_ll_adc.o
 .debug_macro   0x000000000000121f     0x102d ./Drivers/STM32F4xx_HAL_Driver/Src/stm32f4xx_ll_adc.o
 .debug_macro   0x000000000000224c      0x11f ./Drivers/STM32F4xx_HAL_Driver/Src/stm32f4xx_ll_adc.o
 .debug_macro   0x000000000000236b    0x15e58 ./Drivers/STM32F4xx_HAL_Driver/Src/stm32f4xx_ll_adc.o
 .debug_macro   0x00000000000181c3       0x6d ./Drivers/STM32F4xx_HAL_Driver/Src/stm32f4xx_ll_adc.o
 .debug_macro   0x0000000000018230      0xb55 ./Drivers/STM32F4xx_HAL_Driver/Src/stm32f4xx_ll_adc.o
 .debug_macro   0x0000000000018d85      0x1d5 ./Drivers/STM32F4xx_HAL_Driver/Src/stm32f4xx_ll_adc.o
 .debug_macro   0x0000000000018f5a      0x10a ./Drivers/STM32F4xx_HAL_Driver/Src/stm32f4xx_ll_dac.o
 .debug_macro   0x0000000000019064      0x248 ./Drivers/STM32F4xx_HAL_Driver/Src/stm32f4xx_ll_dac.o
 .debug_macro   0x00000000000192ac      0x110 ./Drivers/STM32F4xx_HAL_Driver/Src/stm32f4xx_ll_gpio.o
 .debug_macro   0x00000000000193bc      0x143 ./Drivers/STM32F4xx_HAL_Driver/Src/stm32f4xx_ll_gpio.o
 .debug_macro   0x00000000000194ff      0x159 ./Drivers/STM32F4xx_HAL_Driver/Src/stm32f4xx_ll_tim.o
 .debug_macro   0x0000000000019658      0x5ed ./Drivers/STM32F4xx_HAL_Driver/Src/stm32f4xx_ll_tim.o
 .debug_macro   0x0000000000019c45      0x1af ./Drivers/STM32F4xx_HAL_Driver/Src/stm32f4xx_ll_utils.o
 .debug_macro   0x0000000000019df4       0x5b ./Drivers/STM32F4xx_HAL_Driver/Src/stm32f4xx_ll_utils.o
 .debug_macro   0x0000000000019e4f      0x781 ./Drivers/STM32F4xx_HAL_Driver/Src/stm32f4xx_ll_utils.o
 .debug_macro   0x000000000001a5d0      0x20a ./Drivers/STM32F4xx_HAL_Driver/Src/stm32f4xx_ll_utils.o
 .debug_macro   0x000000000001a7da       0xab ./Drivers/STM32F4xx_HAL_Driver/Src/stm32f4xx_ll_utils.o
 .debug_macro   0x000000000001a885      0x14f ./Src/main.o
 .debug_macro   0x000000000001a9d4      0x24e ./Src/main.o
 .debug_macro   0x000000000001ac22      0x1e6 ./Src/main.o
 .debug_macro   0x000000000001ae08       0xe8 ./Src/main.o
 .debug_macro   0x000000000001aef0      0x1a8 ./Src/main.o
 .debug_macro   0x000000000001b098       0x61 ./Src/main.o
 .debug_macro   0x000000000001b0f9      0x5f3 ./Src/main.o
 .debug_macro   0x000000000001b6ec      0x149 ./Src/main.o
 .debug_macro   0x000000000001b835       0x22 ./Src/main.o
 .debug_macro   0x000000000001b857      0x159 ./Src/stm32f4xx_it.o
 .debug_macro   0x000000000001b9b0       0xce ./Src/system_stm32f4xx.o

.debug_line     0x0000000000000000     0x4541
 .debug_line    0x0000000000000000      0x734 ./Drivers/STM32F4xx_HAL_Driver/Src/stm32f4xx_ll_adc.o
 .debug_line    0x0000000000000734      0x58d ./Drivers/STM32F4xx_HAL_Driver/Src/stm32f4xx_ll_dac.o
 .debug_line    0x0000000000000cc1      0x765 ./Drivers/STM32F4xx_HAL_Driver/Src/stm32f4xx_ll_gpio.o
 .debug_line    0x0000000000001426      0xae4 ./Drivers/STM32F4xx_HAL_Driver/Src/stm32f4xx_ll_tim.o
 .debug_line    0x0000000000001f0a      0x9b5 ./Drivers/STM32F4xx_HAL_Driver/Src/stm32f4xx_ll_utils.o
 .debug_line    0x00000000000028bf      0xfdc ./Src/main.o
 .debug_line    0x000000000000389b      0x736 ./Src/stm32f4xx_it.o
 .debug_line    0x0000000000003fd1      0x4ed ./Src/system_stm32f4xx.o
 .debug_line    0x00000000000044be       0x83 ./Startup/startup_stm32f407vgtx.o

.debug_str      0x0000000000000000    0xa494d
 .debug_str     0x0000000000000000    0x931a3 ./Drivers/STM32F4xx_HAL_Driver/Src/stm32f4xx_ll_adc.o
                                      0x93356 (size before relaxing)
 .debug_str     0x00000000000931a3     0x21fe ./Drivers/STM32F4xx_HAL_Driver/Src/stm32f4xx_ll_dac.o
                                      0x8b048 (size before relaxing)
 .debug_str     0x00000000000953a1      0xe4c ./Drivers/STM32F4xx_HAL_Driver/Src/stm32f4xx_ll_gpio.o
                                      0x89ca9 (size before relaxing)
 .debug_str     0x00000000000961ed     0x44c1 ./Drivers/STM32F4xx_HAL_Driver/Src/stm32f4xx_ll_tim.o
                                      0x8d3a5 (size before relaxing)
 .debug_str     0x000000000009a6ae     0x6cf5 ./Drivers/STM32F4xx_HAL_Driver/Src/stm32f4xx_ll_utils.o
                                      0x8ef13 (size before relaxing)
 .debug_str     0x00000000000a13a3     0x33df ./Src/main.o
                                      0x9e892 (size before relaxing)
 .debug_str     0x00000000000a4782      0x144 ./Src/stm32f4xx_it.o
                                      0x9d83f (size before relaxing)
 .debug_str     0x00000000000a48c6       0x56 ./Src/system_stm32f4xx.o
                                      0x88258 (size before relaxing)
 .debug_str     0x00000000000a491c       0x31 ./Startup/startup_stm32f407vgtx.o
                                         0x51 (size before relaxing)

.comment        0x0000000000000000       0x53
 .comment       0x0000000000000000       0x53 ./Drivers/STM32F4xx_HAL_Driver/Src/stm32f4xx_ll_adc.o
                                         0x54 (size before relaxing)
 .comment       0x0000000000000053       0x54 ./Drivers/STM32F4xx_HAL_Driver/Src/stm32f4xx_ll_dac.o
 .comment       0x0000000000000053       0x54 ./Drivers/STM32F4xx_HAL_Driver/Src/stm32f4xx_ll_gpio.o
 .comment       0x0000000000000053       0x54 ./Drivers/STM32F4xx_HAL_Driver/Src/stm32f4xx_ll_tim.o
 .comment       0x0000000000000053       0x54 ./Drivers/STM32F4xx_HAL_Driver/Src/stm32f4xx_ll_utils.o
 .comment       0x0000000000000053       0x54 ./Src/main.o
 .comment       0x0000000000000053       0x54 ./Src/stm32f4xx_it.o
 .comment       0x0000000000000053       0x54 ./Src/system_stm32f4xx.o

.debug_frame    0x0000000000000000     0x1a3c
 .debug_frame   0x0000000000000000      0x2cc ./Drivers/STM32F4xx_HAL_Driver/Src/stm32f4xx_ll_adc.o
 .debug_frame   0x00000000000002cc       0xf8 ./Drivers/STM32F4xx_HAL_Driver/Src/stm32f4xx_ll_dac.o
 .debug_frame   0x00000000000003c4      0x1c0 ./Drivers/STM32F4xx_HAL_Driver/Src/stm32f4xx_ll_gpio.o
 .debug_frame   0x0000000000000584      0x538 ./Drivers/STM32F4xx_HAL_Driver/Src/stm32f4xx_ll_tim.o
 .debug_frame   0x0000000000000abc      0x3f8 ./Drivers/STM32F4xx_HAL_Driver/Src/stm32f4xx_ll_utils.o
 .debug_frame   0x0000000000000eb4      0x924 ./Src/main.o
 .debug_frame   0x00000000000017d8      0x1e0 ./Src/stm32f4xx_it.o
 .debug_frame   0x00000000000019b8       0x58 ./Src/system_stm32f4xx.o
 .debug_frame   0x0000000000001a10       0x2c c:/st/stm32cubeide_1.7.0/stm32cubeide/plugins/com.st.stm32cube.ide.mcu.externaltools.gnu-tools-for-stm32.9-2020-q2-update.win32_2.0.0.202105311346/tools/bin/../lib/gcc/arm-none-eabi/9.3.1/../../../../arm-none-eabi/lib/thumb/v7e-m+fp/hard\libc_nano.a(lib_a-init.o)
