core_cm4.h:1657:22:__NVIC_SetPriorityGrouping	24	static
core_cm4.h:1676:26:__NVIC_GetPriorityGrouping	4	static
core_cm4.h:1688:22:__NVIC_EnableIRQ	16	static
core_cm4.h:1816:22:__NVIC_SetPriority	16	static
core_cm4.h:1863:26:NVIC_EncodePriority	40	static
stm32f4xx_ll_adc.h:1863:26:LL_ADC_DMA_GetRegAddr	24	static
stm32f4xx_ll_adc.h:2491:22:LL_ADC_REG_SetSequencerRanks	40	static,ignoring_inline_asm
stm32f4xx_ll_adc.h:2723:22:LL_ADC_REG_SetFlagEndOfConversion	16	static
stm32f4xx_ll_adc.h:3277:22:LL_ADC_SetChannelSamplingTime	56	static,ignoring_inline_asm
stm32f4xx_ll_adc.h:3868:22:LL_ADC_Enable	16	static
stm32f4xx_ll_adc.h:3919:22:LL_ADC_REG_StartConversionSWStart	16	static
stm32f4xx_ll_dac.h:981:22:LL_DAC_Enable	16	static
stm32f4xx_ll_dac.h:1140:22:LL_DAC_ConvertData12RightAligned	32	static
stm32f4xx_ll_dma.h:495:22:LL_DMA_EnableStream	16	static
stm32f4xx_ll_dma.h:570:22:LL_DMA_ConfigTransfer	24	static
stm32f4xx_ll_dma.h:596:22:LL_DMA_SetDataTransferDirection	24	static
stm32f4xx_ll_dma.h:644:22:LL_DMA_SetMode	24	static
stm32f4xx_ll_dma.h:691:22:LL_DMA_SetPeriphIncMode	24	static
stm32f4xx_ll_dma.h:736:22:LL_DMA_SetMemoryIncMode	24	static
stm32f4xx_ll_dma.h:782:22:LL_DMA_SetPeriphSize	24	static
stm32f4xx_ll_dma.h:829:22:LL_DMA_SetMemorySize	24	static
stm32f4xx_ll_dma.h:922:22:LL_DMA_SetStreamPriorityLevel	24	static
stm32f4xx_ll_dma.h:969:22:LL_DMA_SetDataLength	24	static
stm32f4xx_ll_dma.h:1020:22:LL_DMA_SetChannelSelection	24	static
stm32f4xx_ll_dma.h:1277:22:LL_DMA_DisableFifoMode	16	static
stm32f4xx_ll_dma.h:1403:22:LL_DMA_ConfigAddresses	24	static
stm32f4xx_ll_dma.h:2587:22:LL_DMA_EnableIT_TC	16	static
stm32f4xx_ll_rcc.h:2951:22:LL_RCC_HSE_Enable	4	static
stm32f4xx_ll_rcc.h:2971:26:LL_RCC_HSE_IsReady	4	static
stm32f4xx_ll_rcc.h:3190:22:LL_RCC_SetSysClkSource	16	static
stm32f4xx_ll_rcc.h:3206:26:LL_RCC_GetSysClkSource	4	static
stm32f4xx_ll_rcc.h:3226:22:LL_RCC_SetAHBPrescaler	16	static
stm32f4xx_ll_rcc.h:3242:22:LL_RCC_SetAPB1Prescaler	16	static
stm32f4xx_ll_rcc.h:3258:22:LL_RCC_SetAPB2Prescaler	16	static
stm32f4xx_ll_rcc.h:4186:22:LL_RCC_PLL_Enable	4	static
stm32f4xx_ll_rcc.h:4207:26:LL_RCC_PLL_IsReady	4	static
stm32f4xx_ll_rcc.h:4306:22:LL_RCC_PLL_ConfigDomain_SYS	24	static
stm32f4xx_ll_bus.h:411:22:LL_AHB1_GRP1_EnableClock	24	static
stm32f4xx_ll_bus.h:1187:22:LL_APB1_GRP1_EnableClock	24	static
stm32f4xx_ll_bus.h:1706:22:LL_APB2_GRP1_EnableClock	24	static
stm32f4xx_ll_system.h:1542:22:LL_FLASH_SetLatency	16	static
stm32f4xx_ll_system.h:1568:26:LL_FLASH_GetLatency	4	static
stm32f4xx_ll_pwr.h:507:22:LL_PWR_SetRegulVoltageScaling	16	static
stm32f4xx_ll_tim.h:1125:22:LL_TIM_EnableCounter	16	static
stm32f4xx_ll_tim.h:1316:22:LL_TIM_DisableARRPreload	16	static
stm32f4xx_ll_tim.h:2738:22:LL_TIM_SetTriggerOutput	16	static
stm32f4xx_ll_tim.h:2804:22:LL_TIM_DisableMasterSlaveMode	16	static
stm32f4xx_ll_tim.h:3458:22:LL_TIM_EnableIT_UPDATE	16	static
stm32f4xx_ll_gpio.h:801:26:LL_GPIO_IsInputPinSet	16	static
main.c:79:5:main	8	static
main.c:147:6:ADC_DMA_TransferComplete_Callback	4	static
main.c:154:6:CALIBRATION	24	static
main.c:174:6:Timer_Interrupt	4	static
main.c:180:6:PHASOMETER	88	static
main.c:318:6:SystemClock_Config	8	static
main.c:359:13:MX_ADC1_Init	80	static
main.c:441:13:MX_ADC2_Init	64	static
main.c:495:13:MX_DAC_Init	48	static
main.c:542:13:MX_TIM6_Init	32	static
main.c:577:13:MX_DMA_Init	8	static
main.c:596:13:MX_GPIO_Init	32	static
main.c:628:6:Error_Handler	4	static,ignoring_inline_asm
